// Vitest Snapshot v1

exports[`should generate the routes module 1`] = `
"import React from 'react';
import { loader as example_src_routes___panel_posts_$slug_LOADER } from '/example/src/routes/__panel/posts/$slug.tsx';
import { ErrorElement as EXAMPLE_SRC_ROUTES___PANEL_POSTS_$SLUG_ERROR_ELEMENT } from '/example/src/routes/__panel/posts/$slug.tsx';
import { action as example_src_routes___panel_posts_create_ACTION } from '/example/src/routes/__panel/posts/create.tsx';
import { loader as example_src_routes___panel_posts_index_LOADER } from '/example/src/routes/__panel/posts/index.tsx';
import { ErrorBoundary as EXAMPLE_SRC_ROUTES___PANEL_POSTS_INDEX_ERROR_ELEMENT } from '/example/src/routes/__panel/posts/index.tsx';
import { handle as example_src_routes___panel_users_HANDLE } from '/example/src/routes/__panel/users';
import { handle as example_src_routes___panel_users_$user_HANDLE } from '/example/src/routes/__panel/users/$user';
import { handle as example_src_routes___panel_users_$user_index_HANDLE } from '/example/src/routes/__panel/users/$user/index.tsx';
import { handle as example_src_routes___panel_users_$user_profile_HANDLE } from '/example/src/routes/__panel/users/$user/profile.tsx';
import { handle as example_src_routes___panel_users_$user_settings_HANDLE } from '/example/src/routes/__panel/users/$user/settings.tsx';

export const routes = [{
  \\"path\\": \\"/\\",
  \\"children\\": [
    {
      \\"path\\": \\"*\\",
      \\"element\\": React.createElement(React.lazy(() => import(\\"/example/src/routes/$.tsx\\")))
    },
    {
      \\"children\\": [
        {
          \\"path\\": \\"login\\",
          \\"element\\": React.createElement(React.lazy(() => import(\\"/example/src/routes/__auth/login.tsx\\")))
        }
      ]
    },
    {
      \\"element\\": React.createElement(React.lazy(() => import(\\"/example/src/routes/__panel.tsx\\"))),
      \\"children\\": [
        {
          \\"path\\": \\"posts\\",
          \\"children\\": [
            {
              \\"path\\": \\":slug\\",
              \\"loader\\": example_src_routes___panel_posts_$slug_LOADER,
              \\"errorElement\\": React.createElement(EXAMPLE_SRC_ROUTES___PANEL_POSTS_$SLUG_ERROR_ELEMENT),
              \\"element\\": React.createElement(React.lazy(() => import(\\"/example/src/routes/__panel/posts/$slug.tsx\\")))
            },
            {
              \\"path\\": \\"create\\",
              \\"action\\": example_src_routes___panel_posts_create_ACTION,
              \\"element\\": React.createElement(React.lazy(() => import(\\"/example/src/routes/__panel/posts/create.tsx\\")))
            },
            {
              \\"index\\": true,
              \\"loader\\": example_src_routes___panel_posts_index_LOADER,
              \\"errorElement\\": React.createElement(EXAMPLE_SRC_ROUTES___PANEL_POSTS_INDEX_ERROR_ELEMENT),
              \\"element\\": React.createElement(React.lazy(() => import(\\"/example/src/routes/__panel/posts/index.tsx\\")))
            }
          ]
        },
        {
          \\"element\\": React.createElement(React.lazy(() => import(\\"/example/src/routes/__panel/users.tsx\\"))),
          \\"path\\": \\"users\\",
          \\"children\\": [
            {
              \\"element\\": React.createElement(React.lazy(() => import(\\"/example/src/routes/__panel/users/$user.tsx\\"))),
              \\"path\\": \\":user\\",
              \\"children\\": [
                {
                  \\"index\\": true,
                  \\"handle\\": example_src_routes___panel_users_$user_index_HANDLE,
                  \\"element\\": React.createElement(React.lazy(() => import(\\"/example/src/routes/__panel/users/$user/index.tsx\\")))
                },
                {
                  \\"path\\": \\"profile\\",
                  \\"handle\\": example_src_routes___panel_users_$user_profile_HANDLE,
                  \\"element\\": React.createElement(React.lazy(() => import(\\"/example/src/routes/__panel/users/$user/profile.tsx\\")))
                },
                {
                  \\"path\\": \\"settings\\",
                  \\"handle\\": example_src_routes___panel_users_$user_settings_HANDLE,
                  \\"element\\": React.createElement(React.lazy(() => import(\\"/example/src/routes/__panel/users/$user/settings.tsx\\")))
                }
              ],
              \\"handle\\": example_src_routes___panel_users_$user_HANDLE
            },
            {
              \\"index\\": true,
              \\"element\\": React.createElement(React.lazy(() => import(\\"/example/src/routes/__panel/users/index.tsx\\")))
            }
          ],
          \\"handle\\": example_src_routes___panel_users_HANDLE
        }
      ]
    },
    {
      \\"path\\": \\"about\\",
      \\"element\\": React.createElement(React.lazy(() => import(\\"/example/src/routes/about.tsx\\")))
    },
    {
      \\"index\\": true,
      \\"element\\": React.createElement(React.lazy(() => import(\\"/example/src/routes/index.tsx\\")))
    }
  ]
}]
"
`;
