// Vitest Snapshot v1

exports[`should generate the routes module 1`] = `
"import React from 'react';

export const routes = [{
  \\"path\\": \\"/\\",
  \\"children\\": [
    {
      \\"path\\": \\"*\\",
      \\"element\\": React.createElement(React.lazy(() => import(\\"/example/src/pages/$.tsx\\")))
    },
    {
      \\"children\\": [
        {
          \\"path\\": \\"login\\",
          \\"element\\": React.createElement(React.lazy(() => import(\\"/example/src/pages/__auth/login.tsx\\")))
        }
      ]
    },
    {
      \\"element\\": React.createElement(React.lazy(() => import(\\"/example/src/pages/__panel.tsx\\"))),
      \\"children\\": [
        {
          \\"path\\": \\"posts\\",
          \\"children\\": [
            {
              \\"path\\": \\":slug\\",
              \\"element\\": React.createElement(React.lazy(() => import(\\"/example/src/pages/__panel/posts/$slug.tsx\\")))
            },
            {
              \\"index\\": true,
              \\"element\\": React.createElement(React.lazy(() => import(\\"/example/src/pages/__panel/posts/index.tsx\\")))
            }
          ]
        },
        {
          \\"path\\": \\"users\\",
          \\"children\\": [
            {
              \\"element\\": React.createElement(React.lazy(() => import(\\"/example/src/pages/__panel/users/$user.tsx\\"))),
              \\"path\\": \\":user\\",
              \\"children\\": [
                {
                  \\"index\\": true,
                  \\"element\\": React.createElement(React.lazy(() => import(\\"/example/src/pages/__panel/users/$user/index.tsx\\")))
                },
                {
                  \\"path\\": \\"profile\\",
                  \\"element\\": React.createElement(React.lazy(() => import(\\"/example/src/pages/__panel/users/$user/profile.tsx\\")))
                },
                {
                  \\"path\\": \\"settings\\",
                  \\"element\\": React.createElement(React.lazy(() => import(\\"/example/src/pages/__panel/users/$user/settings.tsx\\")))
                }
              ]
            },
            {
              \\"index\\": true,
              \\"element\\": React.createElement(React.lazy(() => import(\\"/example/src/pages/__panel/users/index.tsx\\")))
            }
          ]
        }
      ]
    },
    {
      \\"path\\": \\"about\\",
      \\"element\\": React.createElement(React.lazy(() => import(\\"/example/src/pages/about.tsx\\")))
    },
    {
      \\"index\\": true,
      \\"element\\": React.createElement(React.lazy(() => import(\\"/example/src/pages/index.tsx\\")))
    }
  ]
}]
"
`;
