// Vitest Snapshot v1

exports[`should match route modules snapshot 1`] = `
"import React from 'react';
import { getRouteConfig as example_src_pages_about_ROUTE_CONFIG } from '/example/src/pages/about.tsx';
import { getRouteConfig as example_src_pages_index_ROUTE_CONFIG } from '/example/src/pages/index.tsx';
import { getRouteConfig as example_src_pages_posts_index_ROUTE_CONFIG } from '/example/src/pages/posts/index.tsx';
import { getRouteConfig as example_src_pages_users__layout_ROUTE_CONFIG } from '/example/src/pages/users/_layout.tsx';

export const routes = [{
  \\"element\\": React.createElement(React.lazy(() => import(\\"/example/src/pages/_layout.tsx\\"))),
  \\"path\\": \\"/\\",
  \\"children\\": [
    {
      \\"path\\": \\"*\\",
      \\"element\\": React.createElement(React.lazy(() => import(\\"/example/src/pages/[...all].tsx\\")))
    },
    {
      \\"path\\": \\"about\\",
      \\"element\\": React.createElement(React.lazy(() => import(\\"/example/src/pages/about.tsx\\"))),
      \\"getRouteConfig\\": example_src_pages_about_ROUTE_CONFIG
    },
    {
      \\"index\\": true,
      \\"element\\": React.createElement(React.lazy(() => import(\\"/example/src/pages/index.tsx\\"))),
      \\"getRouteConfig\\": example_src_pages_index_ROUTE_CONFIG
    },
    {
      \\"path\\": \\"posts\\",
      \\"children\\": [
        {
          \\"path\\": \\":slug\\",
          \\"element\\": React.createElement(React.lazy(() => import(\\"/example/src/pages/posts/[slug].tsx\\")))
        },
        {
          \\"index\\": true,
          \\"element\\": React.createElement(React.lazy(() => import(\\"/example/src/pages/posts/index.tsx\\"))),
          \\"getRouteConfig\\": example_src_pages_posts_index_ROUTE_CONFIG
        }
      ]
    },
    {
      \\"element\\": React.createElement(React.lazy(() => import(\\"/example/src/pages/users/_layout.tsx\\"))),
      \\"path\\": \\"users\\",
      \\"getRouteConfig\\": example_src_pages_users__layout_ROUTE_CONFIG,
      \\"children\\": [
        {
          \\"element\\": React.createElement(React.lazy(() => import(\\"/example/src/pages/users/[user]/_layout.tsx\\"))),
          \\"path\\": \\":user\\",
          \\"children\\": [
            {
              \\"index\\": true,
              \\"element\\": React.createElement(React.lazy(() => import(\\"/example/src/pages/users/[user]/index.tsx\\")))
            },
            {
              \\"path\\": \\"profile\\",
              \\"element\\": React.createElement(React.lazy(() => import(\\"/example/src/pages/users/[user]/profile.tsx\\")))
            },
            {
              \\"path\\": \\"settings\\",
              \\"element\\": React.createElement(React.lazy(() => import(\\"/example/src/pages/users/[user]/settings.tsx\\")))
            }
          ]
        },
        {
          \\"index\\": true,
          \\"element\\": React.createElement(React.lazy(() => import(\\"/example/src/pages/users/index.tsx\\")))
        }
      ]
    }
  ]
}]

export function traverse(routes, callback) {
  return routes.map((route) => {
    const modifiedRouteObject = callback(route);
    if (modifiedRouteObject.children) {
      modifiedRouteObject.children = traverse(
        modifiedRouteObject.children,
        callback
      );
    }
    return modifiedRouteObject;
  });
}"
`;

exports[`should match routes snapshot 1`] = `
{
  "children": [
    {
      "element": "::React.createElement(React.lazy(() => import(\\"/example/src/pages/[...all].tsx\\")))::",
      "path": "*",
    },
    {
      "element": "::React.createElement(React.lazy(() => import(\\"/example/src/pages/about.tsx\\")))::",
      "getRouteConfig": "::example_src_pages_about_ROUTE_CONFIG::",
      "path": "about",
    },
    {
      "element": "::React.createElement(React.lazy(() => import(\\"/example/src/pages/index.tsx\\")))::",
      "getRouteConfig": "::example_src_pages_index_ROUTE_CONFIG::",
      "index": true,
    },
    {
      "children": [
        {
          "element": "::React.createElement(React.lazy(() => import(\\"/example/src/pages/posts/[slug].tsx\\")))::",
          "path": ":slug",
        },
        {
          "element": "::React.createElement(React.lazy(() => import(\\"/example/src/pages/posts/index.tsx\\")))::",
          "getRouteConfig": "::example_src_pages_posts_index_ROUTE_CONFIG::",
          "index": true,
        },
      ],
      "path": "posts",
    },
    {
      "children": [
        {
          "children": [
            {
              "element": "::React.createElement(React.lazy(() => import(\\"/example/src/pages/users/[user]/index.tsx\\")))::",
              "index": true,
            },
            {
              "element": "::React.createElement(React.lazy(() => import(\\"/example/src/pages/users/[user]/profile.tsx\\")))::",
              "path": "profile",
            },
            {
              "element": "::React.createElement(React.lazy(() => import(\\"/example/src/pages/users/[user]/settings.tsx\\")))::",
              "path": "settings",
            },
          ],
          "element": "::React.createElement(React.lazy(() => import(\\"/example/src/pages/users/[user]/_layout.tsx\\")))::",
          "path": ":user",
        },
        {
          "element": "::React.createElement(React.lazy(() => import(\\"/example/src/pages/users/index.tsx\\")))::",
          "index": true,
        },
      ],
      "element": "::React.createElement(React.lazy(() => import(\\"/example/src/pages/users/_layout.tsx\\")))::",
      "getRouteConfig": "::example_src_pages_users__layout_ROUTE_CONFIG::",
      "path": "users",
    },
  ],
  "element": "::React.createElement(React.lazy(() => import(\\"/example/src/pages/_layout.tsx\\")))::",
  "path": "/",
}
`;
